export const dark = {
  "survivorPrimitiveColorWhite": "#ffffff",
  "survivorPrimitiveColorBlack": "#000000",
  "survivorPrimitiveColorNeutral100": "#f3f3f3",
  "survivorPrimitiveColorNeutral200": "#e9e9e9",
  "survivorPrimitiveColorNeutral300": "#d4d4d4",
  "survivorPrimitiveColorNeutral400": "#c4c4c4",
  "survivorPrimitiveColorNeutral500": "#a5a5a5",
  "survivorPrimitiveColorNeutral600": "#6e6e6e",
  "survivorPrimitiveColorNeutral700": "#464646",
  "survivorPrimitiveColorNeutral800": "#202020",
  "survivorPrimitiveColorNeutral900": "#161616",
  "survivorPrimitiveColorNeutral1000": "#101010",
  "survivorPrimitiveColorBlue100": "#dfecf7",
  "survivorPrimitiveColorBlue200": "#c9e0f5",
  "survivorPrimitiveColorBlue300": "#9ec4f0",
  "survivorPrimitiveColorBlue400": "#5993ea",
  "survivorPrimitiveColorBlue500": "#1e62e8",
  "survivorPrimitiveColorBlue600": "#0045cc",
  "survivorPrimitiveColorBlue700": "#003bae",
  "survivorPrimitiveColorBlue800": "#003293",
  "survivorPrimitiveColorBlue900": "#00237a",
  "survivorPrimitiveColorBlue1000": "#001a5b",
  "survivorPrimitiveColorGreen100": "#e7f1cb",
  "survivorPrimitiveColorGreen200": "#dce8c5",
  "survivorPrimitiveColorGreen300": "#c5d8a7",
  "survivorPrimitiveColorGreen400": "#8fb064",
  "survivorPrimitiveColorGreen500": "#528d36",
  "survivorPrimitiveColorGreen600": "#15701f",
  "survivorPrimitiveColorGreen700": "#006210",
  "survivorPrimitiveColorGreen800": "#0b5223",
  "survivorPrimitiveColorGreen900": "#073922",
  "survivorPrimitiveColorGreen1000": "#052b1a",
  "survivorPrimitiveColorYellow100": "#faefc5",
  "survivorPrimitiveColorYellow200": "#fae593",
  "survivorPrimitiveColorYellow300": "#f7dd68",
  "survivorPrimitiveColorYellow400": "#f7d24d",
  "survivorPrimitiveColorYellow500": "#f2c329",
  "survivorPrimitiveColorYellow600": "#eeb90b",
  "survivorPrimitiveColorYellow700": "#da9d04",
  "survivorPrimitiveColorYellow800": "#976500",
  "survivorPrimitiveColorYellow900": "#623e00",
  "survivorPrimitiveColorYellow1000": "#492e00",
  "survivorPrimitiveColorOrange100": "#f7e9da",
  "survivorPrimitiveColorOrange200": "#f2d7bb",
  "survivorPrimitiveColorOrange300": "#f2c7d9",
  "survivorPrimitiveColorOrange400": "#f0b373",
  "survivorPrimitiveColorOrange500": "#eb974d",
  "survivorPrimitiveColorOrange600": "#de6f1b",
  "survivorPrimitiveColorOrange700": "#b2530a",
  "survivorPrimitiveColorOrange800": "#8f4008",
  "survivorPrimitiveColorOrange900": "#692d05",
  "survivorPrimitiveColorOrange1000": "#4f2204",
  "survivorPrimitiveColorRed100": "#fbe8e1",
  "survivorPrimitiveColorRed200": "#f7dace",
  "survivorPrimitiveColorRed300": "#f1b198",
  "survivorPrimitiveColorRed400": "#ec9471",
  "survivorPrimitiveColorRed500": "#e9541e",
  "survivorPrimitiveColorRed600": "#d84215",
  "survivorPrimitiveColorRed700": "#bf3813",
  "survivorPrimitiveColorRed800": "#8e280e",
  "survivorPrimitiveColorRed900": "#6b1c0b",
  "survivorPrimitiveColorRed1000": "#501508",
  "survivorPrimitiveColorMint100": "#dff5ea",
  "survivorPrimitiveColorMint200": "#cceddd",
  "survivorPrimitiveColorMint300": "#b8e5d2",
  "survivorPrimitiveColorMint400": "#9fd7c3",
  "survivorPrimitiveColorMint500": "#81c7b0",
  "survivorPrimitiveColorMint600": "#64b59a",
  "survivorPrimitiveColorMint700": "#42a383",
  "survivorPrimitiveColorMint800": "#278166",
  "survivorPrimitiveColorMint900": "#165f4c",
  "survivorPrimitiveColorMint1000": "#104739",
  "survivorPrimitiveColorTeal100": "#dcf3f3",
  "survivorPrimitiveColorTeal200": "#c6eded",
  "survivorPrimitiveColorTeal300": "#a2e2e2",
  "survivorPrimitiveColorTeal400": "#90d9d9",
  "survivorPrimitiveColorTeal500": "#74c9c9",
  "survivorPrimitiveColorTeal600": "#60c3c3",
  "survivorPrimitiveColorTeal700": "#4bb2b2",
  "survivorPrimitiveColorTeal800": "#2b9595",
  "survivorPrimitiveColorTeal900": "#136565",
  "survivorPrimitiveColorTeal1000": "#0e4c4c",
  "survivorPrimitiveColorPurple100": "#f3e7f2",
  "survivorPrimitiveColorPurple200": "#ead4e8",
  "survivorPrimitiveColorPurple300": "#e2badf",
  "survivorPrimitiveColorPurple400": "#d49ed0",
  "survivorPrimitiveColorPurple500": "#c585c0",
  "survivorPrimitiveColorPurple600": "#b56faf",
  "survivorPrimitiveColorPurple700": "#9d5897",
  "survivorPrimitiveColorPurple800": "#8a4885",
  "survivorPrimitiveColorPurple900": "#682061",
  "survivorPrimitiveColorPurple1000": "#4e1849",
  "survivorPrimitiveColorPink100": "#f5e7ea",
  "survivorPrimitiveColorPink200": "#f2d5dd",
  "survivorPrimitiveColorPink300": "#eebfce",
  "survivorPrimitiveColorPink400": "#e59eb7",
  "survivorPrimitiveColorPink500": "#e281a3",
  "survivorPrimitiveColorPink600": "#d66b96",
  "survivorPrimitiveColorPink700": "#c15381",
  "survivorPrimitiveColorPink800": "#a83b67",
  "survivorPrimitiveColorPink900": "#831540",
  "survivorPrimitiveColorPink1000": "#621030",
  "survivorPrimitiveDimensionLetterSpacingWidest": "0.1em",
  "survivorPrimitiveDimensionFontSize100": 10,
  "survivorPrimitiveDimensionFontSize200": 12,
  "survivorPrimitiveDimensionFontSize300": 14,
  "survivorPrimitiveDimensionFontSize400": 16,
  "survivorPrimitiveDimensionFontSize500": 18,
  "survivorPrimitiveDimensionFontSize600": 20,
  "survivorPrimitiveDimensionFontSize700": 24,
  "survivorPrimitiveDimensionFontSize800": 30,
  "survivorPrimitiveDimensionFontSize900": 36,
  "survivorPrimitiveDimensionFontSize1000": 48,
  "survivorPrimitiveDimensionFontSize1100": 60,
  "survivorPrimitiveDimensionLetterSpacingTight": "-0.02em",
  "survivorPrimitiveDimensionLetterSpacingNormal": "0em",
  "survivorPrimitiveDimensionLetterSpacingWide": "0.025em",
  "survivorPrimitiveDimensionLetterSpacingWider": "0.05em",
  "survivorPrimitiveDimensionRadius0": 0,
  "survivorPrimitiveDimensionRadius100": 2,
  "survivorPrimitiveDimensionRadius200": 4,
  "survivorPrimitiveDimensionRadius300": 8,
  "survivorPrimitiveDimensionRadius400": 12,
  "survivorPrimitiveDimensionRadiusFull": 9999,
  "survivorPrimitiveFontweightRegular": 400,
  "survivorPrimitiveFontweightMedium": 500,
  "survivorPrimitiveFontweightSemibold": 600,
  "survivorPrimitiveFontweightBold": 700,
  "survivorPrimitiveNumberOpacity0": 0,
  "survivorPrimitiveNumberOpacity5": 0.05,
  "survivorPrimitiveNumberOpacity10": 0.1,
  "survivorPrimitiveNumberOpacity20": 0.2,
  "survivorPrimitiveNumberOpacity40": 0.4,
  "survivorPrimitiveNumberOpacity60": 0.6,
  "survivorPrimitiveNumberOpacity80": 0.8,
  "survivorPrimitiveNumberOpacity100": 1,
  "survivorPrimitiveNumberLineHeightTight": 1.1,
  "survivorPrimitiveNumberLineHeightSnug": 1.25,
  "survivorPrimitiveNumberLineHeightNormal": 1.5,
  "survivorPrimitiveNumberLineHeightRelaxed": 1.625,
  "survivorPrimitiveShadow100": "0px 1px 2px 0px #0000000d",
  "survivorPrimitiveShadow200": "0px 2px 4px -1px #0000001a",
  "survivorPrimitiveShadow300": "0px 4px 8px -2px #00000026",
  "survivorPrimitiveShadow400": "0px 8px 24px -4px #00000033",
  "survivorSemanticColorPrimary": "#e9541e",
  "survivorSemanticColorSecondary": "#8fb064",
  "survivorSemanticColorBackground": "#161616",
  "survivorSemanticColorForeground": "#f3f3f3",
  "survivorSemanticColorMuted": "#c4c4c4",
  "survivorSemanticColorBorder": "#6e6e6e",
  "survivorSemanticColorSuccess": "#8fb064",
  "survivorSemanticColorWarning": "#f2c329",
  "survivorSemanticColorError": "#e9541e",
  "survivorSemanticColorSurfaceBase": "#161616",
  "survivorSemanticColorSurfaceSunken": "#202020",
  "survivorSemanticColorSurfaceRaised": "#202020",
  "survivorSemanticColorSurfaceOverlay": "#000000",
  "survivorSemanticColorTextPrimary": "#f3f3f3",
  "survivorSemanticColorTextSecondary": "#d4d4d4",
  "survivorSemanticColorTextTertiary": "#a5a5a5",
  "survivorSemanticColorTextOnBrand": "#ffffff",
  "survivorSemanticColorActionPrimary": "#e9541e",
  "survivorSemanticColorActionSecondary": "#0b5223",
  "survivorSemanticColorFeedbackInfo": "#90d9d9",
  "survivorSemanticColorFeedbackSuccess": "#8fb064",
  "survivorSemanticColorFeedbackWarning": "#f2c329",
  "survivorSemanticColorFeedbackDanger": "#e9541e",
  "survivorSemanticTypographyFontHeading": "Inter",
  "survivorSemanticTypographyFontBody": "Inter",
  "survivorSemanticTypographyFontMono": "JetBrains Mono",
  "survivorSemanticTypographySize100": 10,
  "survivorSemanticTypographySize200": 12,
  "survivorSemanticTypographySize300": 14,
  "survivorSemanticTypographySize400": 16,
  "survivorSemanticTypographySize500": 18,
  "survivorSemanticTypographySize600": 20,
  "survivorSemanticTypographySize700": 24,
  "survivorSemanticTypographySize800": 30,
  "survivorSemanticTypographySize900": 36,
  "survivorSemanticTypographySize1000": 48,
  "survivorSemanticTypographyTypeDisplayLSize": 60,
  "survivorSemanticTypographyTypeDisplayLWeight": 700,
  "survivorSemanticTypographyTypeDisplayLLineHeight": 1.1,
  "survivorSemanticTypographyTypeDisplayLLetterSpacing": "-0.02em",
  "survivorSemanticTypographyTypeHeadingMSize": 24,
  "survivorSemanticTypographyTypeHeadingMWeight": 600,
  "survivorSemanticTypographyTypeHeadingMLineHeight": 1.25,
  "survivorSemanticTypographyTypeHeadingMLetterSpacing": "-0.02em",
  "survivorSemanticTypographyTypeBodyDefaultSize": 16,
  "survivorSemanticTypographyTypeBodyDefaultWeight": 400,
  "survivorSemanticTypographyTypeBodyDefaultLineHeight": 1.5,
  "survivorSemanticTypographyTypeBodyDefaultLetterSpacing": "0em",
  "survivorSemanticTypographyTypeLabelSSize": 12,
  "survivorSemanticTypographyTypeLabelSWeight": 500,
  "survivorSemanticTypographyTypeLabelSLineHeight": 1.5,
  "survivorSemanticTypographyTypeLabelSLetterSpacing": "0.025em",
  "survivorSemanticTypographyTypeMonoMSize": 14,
  "survivorSemanticTypographyTypeMonoMWeight": 400,
  "survivorSemanticTypographyTypeMonoMLineHeight": 1.5,
  "survivorSemanticTypographyTypeMonoMLetterSpacing": "0em",
  "survivorSemanticSpacing100": 4,
  "survivorSemanticSpacing200": 8,
  "survivorSemanticSpacing300": 12,
  "survivorSemanticSpacing400": 16,
  "survivorSemanticSpacing500": 20,
  "survivorSemanticSpacing600": 24,
  "survivorSemanticSpacing700": 28,
  "survivorSemanticSpacing800": 32,
  "survivorSemanticSpacing900": 36,
  "survivorSemanticSpacing1000": 40,
  "survivorSemanticSpacingXxxs": 1,
  "survivorSemanticSpacingXxs": 2,
  "survivorSemanticSpacingXs": 4,
  "survivorSemanticSpacingSm": 8,
  "survivorSemanticSpacingMd": 16,
  "survivorSemanticSpacingLg": 24,
  "survivorSemanticSpacingXl": 32,
  "survivorSemanticSpacingXxl": 48,
  "survivorSemanticSpacingXxxl": 64,
  "survivorSemanticBreakpointSm": 640,
  "survivorSemanticBreakpointMd": 768,
  "survivorSemanticBreakpointLg": 1024,
  "survivorSemanticBreakpointXl": 1280,
  "survivorSemanticDurationFast": "0.15s",
  "survivorSemanticDurationNormal": "0.3s",
  "survivorSemanticBorderRadiusNone": 0,
  "survivorSemanticBorderRadiusSm": 4,
  "survivorSemanticBorderRadiusMd": 8,
  "survivorSemanticBorderRadiusLg": 12,
  "survivorSemanticBorderRadiusFull": 9999,
  "survivorSemanticElevationLow": "0px 2px 4px -1px #0000001a",
  "survivorSemanticElevationMedium": "0px 4px 8px -2px #00000026",
  "survivorSemanticElevationHigh": "0px 8px 24px -4px #00000033"
};
