{
  "brands": [
    {
      "name": "kooky/default",
      "path": "kooky/default",
      "label": "Kooky"
    },
    {
      "name": "puente/default",
      "path": "puente/default",
      "label": "Puente"
    },
    {
      "name": "survivor/default",
      "path": "survivor/default",
      "label": "Survivor"
    },
    {
      "name": "survivor/jungle",
      "path": "survivor/jungle",
      "label": "Survivor Jungle"
    },
    {
      "name": "survivor/winter-holiday",
      "path": "survivor/winter-holiday",
      "label": "Survivor Winter Holiday"
    }
  ]
}
