export declare const light: {
  "tkDlitePrimitiveColorWhite": "#ffffff",
  "tkDlitePrimitiveColorBlack": "#000000",
  "tkDlitePrimitiveColorNeutral100": "#f7f7f7",
  "tkDlitePrimitiveColorNeutral200": "#e9e9e9",
  "tkDlitePrimitiveColorNeutral300": "#d4d4d4",
  "tkDlitePrimitiveColorNeutral400": "#c4c4c4",
  "tkDlitePrimitiveColorNeutral500": "#a5a5a5",
  "tkDlitePrimitiveColorNeutral600": "#6e6e6e",
  "tkDlitePrimitiveColorNeutral700": "#464646",
  "tkDlitePrimitiveColorNeutral800": "#202020",
  "tkDlitePrimitiveColorNeutral900": "#161616",
  "tkDlitePrimitiveColorNeutral1000": "#101010",
  "tkDlitePrimitiveColorBlue100": "#ebf2ff",
  "tkDlitePrimitiveColorBlue200": "#d1e2fe",
  "tkDlitePrimitiveColorBlue300": "#a3c3fd",
  "tkDlitePrimitiveColorBlue400": "#70a1fc",
  "tkDlitePrimitiveColorBlue500": "#3d80fc",
  "tkDlitePrimitiveColorBlue600": "#1b5fdb",
  "tkDlitePrimitiveColorBlue700": "#0a46b6",
  "tkDlitePrimitiveColorBlue800": "#043393",
  "tkDlitePrimitiveColorBlue900": "#012371",
  "tkDlitePrimitiveColorBlue1000": "#001653",
  "tkDlitePrimitiveColorGreen100": "#e7f1cb",
  "tkDlitePrimitiveColorGreen200": "#dce8c5",
  "tkDlitePrimitiveColorGreen300": "#c5d8a7",
  "tkDlitePrimitiveColorGreen400": "#8fb064",
  "tkDlitePrimitiveColorGreen500": "#528d36",
  "tkDlitePrimitiveColorGreen600": "#15701f",
  "tkDlitePrimitiveColorGreen700": "#006210",
  "tkDlitePrimitiveColorGreen800": "#0b5223",
  "tkDlitePrimitiveColorGreen900": "#073922",
  "tkDlitePrimitiveColorGreen1000": "#052b1a",
  "tkDlitePrimitiveColorYellow100": "#faefc5",
  "tkDlitePrimitiveColorYellow200": "#ffe680",
  "tkDlitePrimitiveColorYellow300": "#f7dd68",
  "tkDlitePrimitiveColorYellow400": "#f7d24d",
  "tkDlitePrimitiveColorYellow500": "#f3c409",
  "tkDlitePrimitiveColorYellow600": "#eeb90b",
  "tkDlitePrimitiveColorYellow700": "#da9d04",
  "tkDlitePrimitiveColorYellow800": "#976500",
  "tkDlitePrimitiveColorYellow900": "#623e00",
  "tkDlitePrimitiveColorYellow1000": "#492e00",
  "tkDlitePrimitiveColorOrange100": "#f7e9da",
  "tkDlitePrimitiveColorOrange200": "#f2d7bb",
  "tkDlitePrimitiveColorOrange300": "#f2c7d9",
  "tkDlitePrimitiveColorOrange400": "#f0b373",
  "tkDlitePrimitiveColorOrange500": "#eb974d",
  "tkDlitePrimitiveColorOrange600": "#de6f1b",
  "tkDlitePrimitiveColorOrange700": "#b2530a",
  "tkDlitePrimitiveColorOrange800": "#8f4008",
  "tkDlitePrimitiveColorOrange900": "#692d05",
  "tkDlitePrimitiveColorOrange1000": "#4f2204",
  "tkDlitePrimitiveColorRed100": "#fbe8e1",
  "tkDlitePrimitiveColorRed200": "#f7dace",
  "tkDlitePrimitiveColorRed300": "#f1b198",
  "tkDlitePrimitiveColorRed400": "#ec9471",
  "tkDlitePrimitiveColorRed500": "#e9541e",
  "tkDlitePrimitiveColorRed600": "#d84215",
  "tkDlitePrimitiveColorRed700": "#bf3813",
  "tkDlitePrimitiveColorRed800": "#8e280e",
  "tkDlitePrimitiveColorRed900": "#6b1c0b",
  "tkDlitePrimitiveColorRed1000": "#501508",
  "tkDlitePrimitiveColorMint100": "#dff5ea",
  "tkDlitePrimitiveColorMint200": "#cceddd",
  "tkDlitePrimitiveColorMint300": "#b8e5d2",
  "tkDlitePrimitiveColorMint400": "#9fd7c3",
  "tkDlitePrimitiveColorMint500": "#81c7b0",
  "tkDlitePrimitiveColorMint600": "#64b59a",
  "tkDlitePrimitiveColorMint700": "#42a383",
  "tkDlitePrimitiveColorMint800": "#278166",
  "tkDlitePrimitiveColorMint900": "#165f4c",
  "tkDlitePrimitiveColorMint1000": "#104739",
  "tkDlitePrimitiveColorTeal100": "#dcf3f3",
  "tkDlitePrimitiveColorTeal200": "#c6eded",
  "tkDlitePrimitiveColorTeal300": "#a2e2e2",
  "tkDlitePrimitiveColorTeal400": "#90d9d9",
  "tkDlitePrimitiveColorTeal500": "#74c9c9",
  "tkDlitePrimitiveColorTeal600": "#60c3c3",
  "tkDlitePrimitiveColorTeal700": "#4bb2b2",
  "tkDlitePrimitiveColorTeal800": "#2b9595",
  "tkDlitePrimitiveColorTeal900": "#136565",
  "tkDlitePrimitiveColorTeal1000": "#0e4c4c",
  "tkDlitePrimitiveColorPurple100": "#f3e7f2",
  "tkDlitePrimitiveColorPurple200": "#ead4e8",
  "tkDlitePrimitiveColorPurple300": "#e2badf",
  "tkDlitePrimitiveColorPurple400": "#d49ed0",
  "tkDlitePrimitiveColorPurple500": "#c585c0",
  "tkDlitePrimitiveColorPurple600": "#b56faf",
  "tkDlitePrimitiveColorPurple700": "#9d5897",
  "tkDlitePrimitiveColorPurple800": "#8a4885",
  "tkDlitePrimitiveColorPurple900": "#682061",
  "tkDlitePrimitiveColorPurple1000": "#4e1849",
  "tkDlitePrimitiveColorPink100": "#f5e7ea",
  "tkDlitePrimitiveColorPink200": "#f2d5dd",
  "tkDlitePrimitiveColorPink300": "#eebfce",
  "tkDlitePrimitiveColorPink400": "#e59eb7",
  "tkDlitePrimitiveColorPink500": "#e281a3",
  "tkDlitePrimitiveColorPink600": "#d66b96",
  "tkDlitePrimitiveColorPink700": "#c15381",
  "tkDlitePrimitiveColorPink800": "#a83b67",
  "tkDlitePrimitiveColorPink900": "#831540",
  "tkDlitePrimitiveColorPink1000": "#621030",
  "tkDlitePrimitiveColorSand100": "#faf6f0",
  "tkDlitePrimitiveColorSand200": "#f0e8dc",
  "tkDlitePrimitiveColorSand300": "#e0d4c0",
  "tkDlitePrimitiveColorSand400": "#d0c4a8",
  "tkDlitePrimitiveColorSand500": "#b8a888",
  "tkDlitePrimitiveColorSand600": "#8c7a5c",
  "tkDlitePrimitiveColorSand700": "#6b5c42",
  "tkDlitePrimitiveColorSand800": "#4d4230",
  "tkDlitePrimitiveColorSand900": "#362e22",
  "tkDlitePrimitiveColorSand1000": "#28221a",
  "tkDlitePrimitiveDimensionLetterSpacingWidest": "0.1em",
  "tkDlitePrimitiveDimensionFontSize100": 10,
  "tkDlitePrimitiveDimensionFontSize200": 12,
  "tkDlitePrimitiveDimensionFontSize300": 14,
  "tkDlitePrimitiveDimensionFontSize400": 16,
  "tkDlitePrimitiveDimensionFontSize500": 18,
  "tkDlitePrimitiveDimensionFontSize600": 20,
  "tkDlitePrimitiveDimensionFontSize700": 24,
  "tkDlitePrimitiveDimensionFontSize800": 30,
  "tkDlitePrimitiveDimensionFontSize900": 36,
  "tkDlitePrimitiveDimensionFontSize1000": 48,
  "tkDlitePrimitiveDimensionFontSize1100": 60,
  "tkDlitePrimitiveDimensionLetterSpacingTight": "-0.02em",
  "tkDlitePrimitiveDimensionLetterSpacingNormal": "0em",
  "tkDlitePrimitiveDimensionLetterSpacingWide": "0.025em",
  "tkDlitePrimitiveDimensionLetterSpacingWider": "0.05em",
  "tkDlitePrimitiveDimensionRadius0": 0,
  "tkDlitePrimitiveDimensionRadius100": 2,
  "tkDlitePrimitiveDimensionRadius200": 4,
  "tkDlitePrimitiveDimensionRadius300": 8,
  "tkDlitePrimitiveDimensionRadius400": 12,
  "tkDlitePrimitiveDimensionRadiusFull": 9999,
  "tkDlitePrimitiveFontweightRegular": 400,
  "tkDlitePrimitiveFontweightMedium": 500,
  "tkDlitePrimitiveFontweightSemibold": 600,
  "tkDlitePrimitiveFontweightBold": 700,
  "tkDlitePrimitiveNumberOpacity0": 0,
  "tkDlitePrimitiveNumberOpacity5": 0.05,
  "tkDlitePrimitiveNumberOpacity10": 0.1,
  "tkDlitePrimitiveNumberOpacity20": 0.2,
  "tkDlitePrimitiveNumberOpacity40": 0.4,
  "tkDlitePrimitiveNumberOpacity60": 0.6,
  "tkDlitePrimitiveNumberOpacity80": 0.8,
  "tkDlitePrimitiveNumberOpacity100": 1,
  "tkDlitePrimitiveNumberLineHeightTight": 1.1,
  "tkDlitePrimitiveNumberLineHeightSnug": 1.25,
  "tkDlitePrimitiveNumberLineHeightNormal": 1.5,
  "tkDlitePrimitiveNumberLineHeightRelaxed": 1.625,
  "tkDlitePrimitiveShadow100": "0px 1px 2px 0px #0000000d",
  "tkDlitePrimitiveShadow200": "0px 2px 4px -1px #0000001a",
  "tkDlitePrimitiveShadow300": "0px 4px 8px -2px #00000026",
  "tkDlitePrimitiveShadow400": "0px 8px 24px -4px #00000033",
  "tkDliteSemanticColorPrimary": "#0b5223",
  "tkDliteSemanticColorSecondary": "#42a383",
  "tkDliteSemanticColorBrand": "#0b5223",
  "tkDliteSemanticColorBackground": "#dff5ea",
  "tkDliteSemanticColorForeground": "#052b1a",
  "tkDliteSemanticColorMuted": "#64b59a",
  "tkDliteSemanticColorBorder": "#b8e5d2",
  "tkDliteSemanticColorSuccess": "#006210",
  "tkDliteSemanticColorWarning": "#976500",
  "tkDliteSemanticColorError": "#bf3813",
  "tkDliteSemanticColorSurfaceBase": "#ffffff",
  "tkDliteSemanticColorSurfaceSunken": "#dff5ea",
  "tkDliteSemanticColorSurfaceRaised": "#ffffff",
  "tkDliteSemanticColorSurfaceOverlay": "#000000",
  "tkDliteSemanticColorTextPrimary": "#052b1a",
  "tkDliteSemanticColorTextSecondary": "#006210",
  "tkDliteSemanticColorTextTertiary": "#64b59a",
  "tkDliteSemanticColorTextOnBrand": "#ffffff",
  "tkDliteSemanticColorTextOnPrimary": "#ffffff",
  "tkDliteSemanticColorActionPrimary": "#0b5223",
  "tkDliteSemanticColorActionPrimaryActive": "#073922",
  "tkDliteSemanticColorActionSecondary": "#cceddd",
  "tkDliteSemanticColorActionSecondaryActive": "#b8e5d2",
  "tkDliteSemanticColorFeedbackInfo": "#2b9595",
  "tkDliteSemanticColorFeedbackSuccess": "#006210",
  "tkDliteSemanticColorFeedbackSuccessActive": "#0b5223",
  "tkDliteSemanticColorFeedbackWarning": "#976500",
  "tkDliteSemanticColorFeedbackDanger": "#bf3813",
  "tkDliteSemanticColorFeedbackDangerActive": "#8e280e",
  "tkDliteSemanticTypographyFontHeading": "Plus Jakarta Sans",
  "tkDliteSemanticTypographyFontBody": "Source Serif 4",
  "tkDliteSemanticTypographyFontMono": "Source Code Pro",
  "tkDliteSemanticTypographySize100": 10,
  "tkDliteSemanticTypographySize200": 12,
  "tkDliteSemanticTypographySize300": 14,
  "tkDliteSemanticTypographySize400": 16,
  "tkDliteSemanticTypographySize500": 18,
  "tkDliteSemanticTypographySize600": 20,
  "tkDliteSemanticTypographySize700": 24,
  "tkDliteSemanticTypographySize800": 30,
  "tkDliteSemanticTypographySize900": 36,
  "tkDliteSemanticTypographySize1000": 48,
  "tkDliteSemanticTypographyTypeDisplayLSize": 60,
  "tkDliteSemanticTypographyTypeDisplayLWeight": 700,
  "tkDliteSemanticTypographyTypeDisplayLLineHeight": 1.1,
  "tkDliteSemanticTypographyTypeDisplayLLetterSpacing": "-0.02em",
  "tkDliteSemanticTypographyTypeHeadingMSize": 24,
  "tkDliteSemanticTypographyTypeHeadingMWeight": 600,
  "tkDliteSemanticTypographyTypeHeadingMLineHeight": 1.25,
  "tkDliteSemanticTypographyTypeHeadingMLetterSpacing": "-0.02em",
  "tkDliteSemanticTypographyTypeBodyDefaultSize": 16,
  "tkDliteSemanticTypographyTypeBodyDefaultWeight": 400,
  "tkDliteSemanticTypographyTypeBodyDefaultLineHeight": 1.5,
  "tkDliteSemanticTypographyTypeBodyDefaultLetterSpacing": "0em",
  "tkDliteSemanticTypographyTypeLabelSSize": 12,
  "tkDliteSemanticTypographyTypeLabelSWeight": 500,
  "tkDliteSemanticTypographyTypeLabelSLineHeight": 1.5,
  "tkDliteSemanticTypographyTypeLabelSLetterSpacing": "0.025em",
  "tkDliteSemanticTypographyTypeMonoMSize": 14,
  "tkDliteSemanticTypographyTypeMonoMWeight": 400,
  "tkDliteSemanticTypographyTypeMonoMLineHeight": 1.5,
  "tkDliteSemanticTypographyTypeMonoMLetterSpacing": "0em",
  "tkDliteSemanticSpacing100": 4,
  "tkDliteSemanticSpacing200": 8,
  "tkDliteSemanticSpacing300": 12,
  "tkDliteSemanticSpacing400": 16,
  "tkDliteSemanticSpacing500": 20,
  "tkDliteSemanticSpacing600": 24,
  "tkDliteSemanticSpacing700": 28,
  "tkDliteSemanticSpacing800": 32,
  "tkDliteSemanticSpacing900": 36,
  "tkDliteSemanticSpacing1000": 40,
  "tkDliteSemanticSpacingXxxs": 1,
  "tkDliteSemanticSpacingXxs": 2,
  "tkDliteSemanticSpacingXs": 4,
  "tkDliteSemanticSpacingSm": 8,
  "tkDliteSemanticSpacingMd": 16,
  "tkDliteSemanticSpacingLg": 24,
  "tkDliteSemanticSpacingXl": 32,
  "tkDliteSemanticSpacingXxl": 48,
  "tkDliteSemanticSpacingXxxl": 64,
  "tkDliteSemanticBreakpointSm": 640,
  "tkDliteSemanticBreakpointMd": 768,
  "tkDliteSemanticBreakpointLg": 1024,
  "tkDliteSemanticBreakpointXl": 1280,
  "tkDliteSemanticDurationFast": 150,
  "tkDliteSemanticDurationNormal": 300,
  "tkDliteSemanticBorderRadiusNone": 0,
  "tkDliteSemanticBorderRadiusSm": 4,
  "tkDliteSemanticBorderRadiusMd": 8,
  "tkDliteSemanticBorderRadiusLg": 12,
  "tkDliteSemanticBorderRadiusFull": 9999,
  "tkDliteSemanticElevationLow": "0px 2px 4px -1px #0000001a",
  "tkDliteSemanticElevationMedium": "0px 4px 8px -2px #00000026",
  "tkDliteSemanticElevationHigh": "0px 8px 24px -4px #00000033"
};
export type LightTokens = typeof light;
