export const dark = {
  "puentePrimitiveColorWhite": "#ffffff",
  "puentePrimitiveColorBlack": "#000000",
  "puentePrimitiveColorNeutral100": "#f3f3f3",
  "puentePrimitiveColorNeutral200": "#e9e9e9",
  "puentePrimitiveColorNeutral300": "#d4d4d4",
  "puentePrimitiveColorNeutral400": "#c4c4c4",
  "puentePrimitiveColorNeutral500": "#a5a5a5",
  "puentePrimitiveColorNeutral600": "#6e6e6e",
  "puentePrimitiveColorNeutral700": "#464646",
  "puentePrimitiveColorNeutral750": "#292929",
  "puentePrimitiveColorNeutral800": "#202020",
  "puentePrimitiveColorNeutral900": "#161616",
  "puentePrimitiveColorBlue100": "#dfecf7",
  "puentePrimitiveColorBlue200": "#c9e0f5",
  "puentePrimitiveColorBlue300": "#9ec4f0",
  "puentePrimitiveColorBlue400": "#5993ea",
  "puentePrimitiveColorBlue500": "#1e62e8",
  "puentePrimitiveColorBlue600": "#0045cc",
  "puentePrimitiveColorBlue700": "#003bae",
  "puentePrimitiveColorBlue800": "#003293",
  "puentePrimitiveColorBlue900": "#00237a",
  "puentePrimitiveColorGreen100": "#e7f1cb",
  "puentePrimitiveColorGreen200": "#dce8c5",
  "puentePrimitiveColorGreen300": "#c5d8a7",
  "puentePrimitiveColorGreen400": "#8fb064",
  "puentePrimitiveColorGreen500": "#528d36",
  "puentePrimitiveColorGreen600": "#15701f",
  "puentePrimitiveColorGreen700": "#006210",
  "puentePrimitiveColorGreen800": "#0b5223",
  "puentePrimitiveColorGreen900": "#073922",
  "puentePrimitiveColorYellow100": "#faefc5",
  "puentePrimitiveColorYellow200": "#fae593",
  "puentePrimitiveColorYellow300": "#f7dd68",
  "puentePrimitiveColorYellow400": "#f7d24d",
  "puentePrimitiveColorYellow500": "#f2c329",
  "puentePrimitiveColorYellow600": "#eeb90b",
  "puentePrimitiveColorYellow700": "#da9d04",
  "puentePrimitiveColorYellow800": "#976500",
  "puentePrimitiveColorYellow900": "#623e00",
  "puentePrimitiveColorOrange100": "#f7e9da",
  "puentePrimitiveColorOrange200": "#f2d7bb",
  "puentePrimitiveColorOrange300": "#f2c7d9",
  "puentePrimitiveColorOrange400": "#f0b373",
  "puentePrimitiveColorOrange500": "#eb974d",
  "puentePrimitiveColorOrange600": "#de6f1b",
  "puentePrimitiveColorOrange700": "#b2530a",
  "puentePrimitiveColorOrange800": "#8f4008",
  "puentePrimitiveColorOrange900": "#692d05",
  "puentePrimitiveColorRed100": "#fbe8e1",
  "puentePrimitiveColorRed200": "#f7dace",
  "puentePrimitiveColorRed300": "#f1b198",
  "puentePrimitiveColorRed400": "#ec9471",
  "puentePrimitiveColorRed500": "#e9541e",
  "puentePrimitiveColorRed600": "#d84215",
  "puentePrimitiveColorRed700": "#bf3813",
  "puentePrimitiveColorRed800": "#8e280e",
  "puentePrimitiveColorRed900": "#6b1c0b",
  "puentePrimitiveColorMint100": "#dff5ea",
  "puentePrimitiveColorMint200": "#cceddd",
  "puentePrimitiveColorMint300": "#b8e5d2",
  "puentePrimitiveColorMint400": "#9fd7c3",
  "puentePrimitiveColorMint500": "#81c7b0",
  "puentePrimitiveColorMint600": "#64b59a",
  "puentePrimitiveColorMint700": "#42a383",
  "puentePrimitiveColorMint800": "#278166",
  "puentePrimitiveColorMint900": "#165f4c",
  "puentePrimitiveColorTeal100": "#dcf3f3",
  "puentePrimitiveColorTeal200": "#c6eded",
  "puentePrimitiveColorTeal300": "#a2e2e2",
  "puentePrimitiveColorTeal400": "#90d9d9",
  "puentePrimitiveColorTeal500": "#74c9c9",
  "puentePrimitiveColorTeal600": "#60c3c3",
  "puentePrimitiveColorTeal700": "#4bb2b2",
  "puentePrimitiveColorTeal800": "#2b9595",
  "puentePrimitiveColorTeal900": "#136565",
  "puentePrimitiveColorPurple100": "#f3e7f2",
  "puentePrimitiveColorPurple200": "#ead4e8",
  "puentePrimitiveColorPurple300": "#e2badf",
  "puentePrimitiveColorPurple400": "#d49ed0",
  "puentePrimitiveColorPurple500": "#c585c0",
  "puentePrimitiveColorPurple600": "#b56faf",
  "puentePrimitiveColorPurple700": "#9d5897",
  "puentePrimitiveColorPurple800": "#8a4885",
  "puentePrimitiveColorPurple900": "#682061",
  "puentePrimitiveColorPink100": "#f5e7ea",
  "puentePrimitiveColorPink200": "#f2d5dd",
  "puentePrimitiveColorPink300": "#eebfce",
  "puentePrimitiveColorPink400": "#e59eb7",
  "puentePrimitiveColorPink500": "#e281a3",
  "puentePrimitiveColorPink600": "#d66b96",
  "puentePrimitiveColorPink700": "#c15381",
  "puentePrimitiveColorPink800": "#a83b67",
  "puentePrimitiveColorPink900": "#831540",
  "puentePrimitiveDimensionFontSize100": 10,
  "puentePrimitiveDimensionFontSize200": 12,
  "puentePrimitiveDimensionFontSize300": 14,
  "puentePrimitiveDimensionFontSize400": 16,
  "puentePrimitiveDimensionFontSize500": 18,
  "puentePrimitiveDimensionFontSize600": 20,
  "puentePrimitiveDimensionFontSize700": 24,
  "puentePrimitiveDimensionFontSize800": 30,
  "puentePrimitiveDimensionFontSize900": 36,
  "puentePrimitiveDimensionFontSize1000": 48,
  "puentePrimitiveDimensionFontSize1100": 60,
  "puentePrimitiveDimensionLetterSpacingTight": "-0.02em",
  "puentePrimitiveDimensionLetterSpacingNormal": "0em",
  "puentePrimitiveDimensionLetterSpacingWide": "0.025em",
  "puentePrimitiveDimensionLetterSpacingWider": "0.05em",
  "puentePrimitiveDimensionRadius0": 0,
  "puentePrimitiveDimensionRadius100": 2,
  "puentePrimitiveDimensionRadius200": 4,
  "puentePrimitiveDimensionRadius300": 8,
  "puentePrimitiveDimensionRadius400": 12,
  "puentePrimitiveDimensionRadiusFull": 9999,
  "puentePrimitiveFontweightRegular": 400,
  "puentePrimitiveFontweightMedium": 500,
  "puentePrimitiveFontweightSemibold": 600,
  "puentePrimitiveFontweightBold": 700,
  "puentePrimitiveNumberOpacity0": 0,
  "puentePrimitiveNumberOpacity5": 0.05,
  "puentePrimitiveNumberOpacity10": 0.1,
  "puentePrimitiveNumberOpacity20": 0.2,
  "puentePrimitiveNumberOpacity40": 0.4,
  "puentePrimitiveNumberOpacity60": 0.6,
  "puentePrimitiveNumberOpacity80": 0.8,
  "puentePrimitiveNumberOpacity100": 1,
  "puentePrimitiveNumberLineHeightTight": 1.1,
  "puentePrimitiveNumberLineHeightSnug": 1.25,
  "puentePrimitiveNumberLineHeightNormal": 1.5,
  "puentePrimitiveNumberLineHeightRelaxed": 1.625,
  "puentePrimitiveShadow100": "0px 1px 2px 0px #0000000d",
  "puentePrimitiveShadow200": "0px 2px 4px -1px #0000001a",
  "puentePrimitiveShadow300": "0px 4px 8px -2px #00000026",
  "puentePrimitiveShadow400": "0px 8px 24px -4px #00000033",
  "puenteSemanticColorPrimary": "#5993ea",
  "puenteSemanticColorPrimaryHover": "#9ec4f0",
  "puenteSemanticColorSecondary": "#c585c0",
  "puenteSemanticColorBackground": "#161616",
  "puenteSemanticColorForeground": "#f3f3f3",
  "puenteSemanticColorMuted": "#c4c4c4",
  "puenteSemanticColorBorder": "#6e6e6e",
  "puenteSemanticColorSuccess": "#8fb064",
  "puenteSemanticColorWarning": "#f2c329",
  "puenteSemanticColorError": "#e9541e",
  "puenteSemanticColorSurfaceBase": "#161616",
  "puenteSemanticColorSurfaceSunken": "#202020",
  "puenteSemanticColorSurfaceRaised": "#292929",
  "puenteSemanticColorSurfaceOverlay": "#000000",
  "puenteSemanticColorTextPrimary": "#f3f3f3",
  "puenteSemanticColorTextSecondary": "#d4d4d4",
  "puenteSemanticColorTextTertiary": "#a5a5a5",
  "puenteSemanticColorTextOnBrand": "#ffffff",
  "puenteSemanticColorActionPrimary": "#5993ea",
  "puenteSemanticColorActionSecondary": "#202020",
  "puenteSemanticColorFeedbackInfo": "#5993ea",
  "puenteSemanticColorFeedbackSuccess": "#8fb064",
  "puenteSemanticColorFeedbackWarning": "#f2c329",
  "puenteSemanticColorFeedbackDanger": "#e9541e",
  "puenteSemanticTypographyFontHeading": "Inter",
  "puenteSemanticTypographyFontBody": "Inter",
  "puenteSemanticTypographyFontMono": "JetBrains Mono",
  "puenteSemanticTypographySizeXs": 12,
  "puenteSemanticTypographySizeSm": 14,
  "puenteSemanticTypographySizeBase": 16,
  "puenteSemanticTypographySizeLg": 18,
  "puenteSemanticTypographySizeXl": 20,
  "puenteSemanticTypographySize2xl": 24,
  "puenteSemanticTypographySize3xl": 30,
  "puenteSemanticTypographyTypeDisplayLSize": 60,
  "puenteSemanticTypographyTypeDisplayLWeight": 700,
  "puenteSemanticTypographyTypeDisplayLLineHeight": 1.1,
  "puenteSemanticTypographyTypeDisplayLLetterSpacing": "-0.02em",
  "puenteSemanticTypographyTypeHeadingMSize": 24,
  "puenteSemanticTypographyTypeHeadingMWeight": 600,
  "puenteSemanticTypographyTypeHeadingMLineHeight": 1.25,
  "puenteSemanticTypographyTypeHeadingMLetterSpacing": "-0.02em",
  "puenteSemanticTypographyTypeBodyDefaultSize": 16,
  "puenteSemanticTypographyTypeBodyDefaultWeight": 400,
  "puenteSemanticTypographyTypeBodyDefaultLineHeight": 1.5,
  "puenteSemanticTypographyTypeBodyDefaultLetterSpacing": "0em",
  "puenteSemanticTypographyTypeLabelSSize": 12,
  "puenteSemanticTypographyTypeLabelSWeight": 500,
  "puenteSemanticTypographyTypeLabelSLineHeight": 1.5,
  "puenteSemanticTypographyTypeLabelSLetterSpacing": "0.025em",
  "puenteSemanticTypographyTypeMonoMSize": 14,
  "puenteSemanticTypographyTypeMonoMWeight": 400,
  "puenteSemanticTypographyTypeMonoMLineHeight": 1.5,
  "puenteSemanticTypographyTypeMonoMLetterSpacing": "0em",
  "puenteSemanticSpacingXs": 4,
  "puenteSemanticSpacingSm": 8,
  "puenteSemanticSpacingMd": 16,
  "puenteSemanticSpacingLg": 24,
  "puenteSemanticSpacingXl": 32,
  "puenteSemanticBorderRadiusNone": 0,
  "puenteSemanticBorderRadiusSm": 4,
  "puenteSemanticBorderRadiusMd": 8,
  "puenteSemanticBorderRadiusLg": 12,
  "puenteSemanticBorderRadiusFull": 9999,
  "puenteSemanticElevationLow": "0px 2px 4px -1px #0000001a",
  "puenteSemanticElevationHigh": "0px 8px 24px -4px #00000033"
} as const;

export type DarkTokens = typeof dark;
